Process 0 of 1 is on qciep02 - thread support 0
initial socket setup ...start
initial socket setup ...done 
now start server 0 ... 
qciep02.tugraz.at 127.0.1
Q-Chem Developer Version! Running on 127.0.1.*
                  Welcome to Q-Chem
     A Quantum Leap Into The Future Of Chemistry


 Q-Chem 5.0, Q-Chem, Inc., Pleasanton, CA (2017)

 Yihan Shao,  Zhengting Gan,  E. Epifanovsky,  A. T. B. Gilbert,  M. Wormit,  
 J. Kussmann,  A. W. Lange,  A. Behn,  Jia Deng,  Xintian Feng,  D. Ghosh,  
 M. Goldey,  P. R. Horn,  L. D. Jacobson,  I. Kaliman,  T. Kus,  A. Landau,  
 Jie Liu,  E. I. Proynov,  R. M. Richard,  R. P. Steele,  E. J. Sundstrom,  
 H. L. Woodcock III,  P. M. Zimmerman,  D. Zuev,  B. Albrecht,  E. Alguire,  
 S. A. Baeppler,  D. Barton,  Z. Benda,  Y. A. Bernard,  E. J. Berquist,  
 K. B. Bravaya,  H. Burton,  D. Casanova,  Chun-Min Chang,  Yunqing Chen,  
 A. Chien,  K. D. Closser,  M. P. Coons,  S. Dasgupta,  A. L. Dempwolff,  
 M. Diedenhofen,  Hainam Do,  R. G. Edgar,  Po-Tung Fang,  S. Fatehi,  
 Qingguo Feng,  J. Fosso-Tande,  Qinghui Ge,  A. Ghysels,  G. Gidofalvi,  
 J. Gomes,  J. Gonthier,  A. Gunina,  M. W. D. Hanson-Heine,  
 P. H. P. Harbach,  A. W. Hauser,  J. E. Herr,  E. G. Hohenstein,  
 Z. C. Holden,  Kerwin Hui,  T.-C. Jagau,  Hyunjun Ji,  B. Kaduk,  
 K. Khistyaev,  Jaehoon Kim,  P. Klunzinger,  K. Koh,  D. Kosenkov,  
 L. Koulias,  T. Kowalczyk,  C. M. Krauter,  A. Kunitsa,  Ka Un Lao,  
 A. Laurent,  K. V. Lawler,  Joonho Lee,  D. Lefrancois,  S. Lehtola,  
 D. S. Levine,  Yi-Pei Li,  You-Sheng Lin,  Fenglai Liu,  E. Livshits,  
 A. Luenser,  P. Manohar,  E. Mansoor,  S. F. Manzer,  Shan-Ping Mao,  
 Yuezhi Mao,  N. Mardirossian,  A. V. Marenich,  T. Markovich,  
 L. A. Martinez-Martinez,  S. A. Maurer,  N. J. Mayhall,  S. C. McKenzie,  
 J.-M. Mewes,  A. F. Morrison,  J. W. Mullinax,  K. Nanda,  
 T. S. Nguyen-Beck,  R. Olivares-Amaya,  J. A. Parkhill,  T. M. Perrine,  
 F. Plasser,  S. Prager,  A. Prociuk,  E. Ramos,  D. R. Rehn,  F. Rob,  
 M. Schneider,  N. Sergueev,  S. M. Sharada,  S. Sharma,  D. W. Small,  
 T. Stauch,  T. Stein,  Yu-Chuan Su,  A. J. W. Thom,  A. Tkatchenko,  
 T. Tsuchimochi,  L. Vogt,  O. Vydrov,  M. A. Watson,  J. Wenzel,  
 M. de Wergifosse,  T. A. Wesolowski,  A. White,  J. Witte,  A. Yamada,  
 Jun Yang,  K. Yao,  S. Yeganeh,  S. R. Yost,  Zhi-Qiang You,  A. Zech,  
 Igor Ying Zhang,  Xing Zhang,  Yan Zhao,  Ying Zhu,  B. R. Brooks,  
 G. K. L. Chan,  C. J. Cramer,  M. S. Gordon,  W. J. Hehre,  A. Klamt,  
 M. W. Schmidt,  C. D. Sherrill,  D. G. Truhlar,  A. Aspuru-Guzik,  R. Baer,  
 A. T. Bell,  N. A. Besley,  Jeng-Da Chai,  R. A. DiStasio Jr.,  A. Dreuw,  
 B. D. Dunietz,  T. R. Furlani,  Chao-Ping Hsu,  Yousung Jung,  Jing Kong,  
 D. S. Lambrecht,  WanZhen Liang,  C. Ochsenfeld,  V. A. Rassolov,  
 L. V. Slipchenko,  J. E. Subotnik,  T. Van Voorhis,  J. M. Herbert,  
 A. I. Krylov,  P. M. W. Gill,  M. Head-Gordon

 Contributors to earlier versions of Q-Chem not listed above: 
 R. D. Adamson,  B. Austin,  J. Baker,  G. J. O. Beran,  K. Brandhorst,  
 S. T. Brown,  E. F. C. Byrd,  A. K. Chakraborty,  C.-L. Cheng,  
 Siu Hung Chien,  D. M. Chipman,  D. L. Crittenden,  H. Dachsel,  
 R. J. Doerksen,  A. D. Dutoi,  L. Fusti-Molnar,  W. A. Goddard III,  
 A. Golubeva-Zadorozhnaya,  S. R. Gwaltney,  G. Hawkins,  A. Heyden,  
 S. Hirata,  G. Kedziora,  F. J. Keil,  C. Kelley,  Jihan Kim,  R. A. King,  
 R. Z. Khaliullin,  P. P. Korambath,  W. Kurlancheek,  A. M. Lee,  M. S. Lee,  
 S. V. Levchenko,  Ching Yeh Lin,  D. Liotard,  R. C. Lochan,  I. Lotan,  
 P. E. Maslen,  N. Nair,  D. P. O'Neill,  D. Neuhauser,  E. Neuscamman,  
 C. M. Oana,  R. Olson,  B. Peters,  R. Peverati,  P. A. Pieniazek,  
 Y. M. Rhee,  J. Ritchie,  M. A. Rohrdanz,  E. Rosta,  N. J. Russ,  
 H. F. Schaefer III,  N. E. Schultz,  N. Shenvi,  A. C. Simmonett,  A. Sodt,  
 D. Stuck,  K. S. Thanthiriwatte,  V. Vanovschi,  Tao Wang,  A. Warshel,  
 C. F. Williams,  Q. Wu,  X. Xu,  W. Zhang

 Please cite Q-Chem as follows:
 Y. Shao et al., Mol. Phys. 113, 184-215 (2015)
 DOI: 10.1080/00268976.2014.952696

 Q-Chem 5.0.2 for Intel X86 EM64T Linux

 Parts of Q-Chem use Armadillo 5.200.1 (Boston Tea Smuggler).
 http://arma.sourceforge.net/

 Q-Chem begins on Mon Sep 17 17:32:25 2018  


Host: 0

     Scratch files written to /home/rmeyer/scratch/qchem7339//
 Using version located at /usr/local/qchem/bin/qchem

 Parallel job on  1  processors

Total Memory Limit in MB = 2000
Mega-Array Size in MB = 192

Checking the input file for inconsistencies... 	...done.
Finally everything over in PARseQInput

--------------------------------------------------------------
User input:
--------------------------------------------------------------
$molecule
0 1
H 0.0 0.0 0.0
H 0.0 0.0 0.01
$end

$rem
jobtype = force
exchange = hf
basis = aug-cc-pVQZ
max_scf_cycles 10
$end

--------------------------------------------------------------
 Atom   1: (  0.0000000000,  0.0000000000, -0.0050000000)
         ->(  0.0000000000,  0.0000000000,  0.0000000000)
 Atom   2: (  0.0000000000,  0.0000000000,  0.0100000000)
         ->(  0.0000000000,  0.0000000000,  0.0000000000)
 ----------------------------------------------------------------
             Standard Nuclear Orientation (Angstroms)
    I     Atom           X                Y                Z
 ----------------------------------------------------------------
    1      H       0.0000000000     0.0000000000    -0.0100000000
    2      H       0.0000000000     0.0000000000     0.0000000000
 ----------------------------------------------------------------
 Molecular Point Group                 D*h   NOp =***
 Largest Abelian Subgroup              D2h   NOp =  1
 Nuclear Repulsion Energy =    52.9177210800 hartrees
 There are        1 alpha and        1 beta electrons

 Q-Chem warning in module /usr/local/qchem/forms1/BasisType.C, line 1642:

 SAD: How to set up polarization functions for non-Pople basis?

 Requested basis set is aug-cc-pVQZ
 There are 28 shells and 92 basis functions

 Total QAlloc Memory Limit   2000 MB
 Mega-Array Size       188 MB
 MEM_STATIC part       192 MB

finished with qalloc call

                       Distance Matrix (Angstroms)
             H (  1)
   H (  2)  0.010000

 Job number = 2, Threshold = 1.00E-11
Integral type ranges set in mkLRange.C for JobNum: 2  <1-55|1-55>
Symmetry turned off temporarily
 Using the largest function pair in Schwarz integrals
Total number of integrals generated =          267819
Symmetry turned back on
 A cutoff of  1.0D-11 yielded    406 shell pairs
 There are      4446 function pairs (      6399 Cartesian)
 Job number = 11, Threshold = 1.00E-11
Integral type ranges set in mkLRange.C for JobNum: 11  <1-55|56-56>
Total number of integrals generated =           12798
 Smallest overlap matrix eigenvalue = 9.03E-10

 Q-Chem warning in module /usr/local/qchem/stvman/mkSTV.C, line 295:

 Overlap eigenvalue is smaller than square root of threshold

 Linear dependence detected in AO basis
 Number of orthogonalized atomic orbitals = 84
 Maximum deviation from orthogonality = 1.602E-10
 Multipole matrices computed through 2nd order

 Scale SEOQF with 1.000000e-01/1.000000e-01/1.000000e-01

 Standard Electronic Orientation quadrupole field applied
 ENuRep (before)= 52.917721
 ENucField = -0.000000
 ENuRep (after) = 52.917721
 Guess from superposition of atomic densities
 Warning:  Energy on first SCF cycle will be non-variational
 SAD guess density has 2.000000 electrons

 ==================================================
    GEN_SCFMAN: A general SCF calculation manager  
                                                   
    Authors:                                       
        -- Eric Jon Sundstrom 2008-2014            
        -- Paul Horn 2010-2015                     
        -- Yuezhi Mao 2012-                        
        -- Dmitri Zuev 2014                        
        -- Alec White 2015-                        
        -- David Stuck 2015                        
        -- Shaama M.S. 2015                        
        -- Shane Yost 2015-                         
        -- Joonho Lee 2016-                        
        -- David Small 2016-                       
        -- Daniel Levine 2016-                     
        -- Susi Lehtola 2017-                      
        -- Hugh Burton 2017-                       
 ==================================================
 Hartree-Fock
Finding J and K together
 Job number = 22, Threshold = 1.00E-11
Integral type ranges set in mkLRange.C for JobNum: 22  <1-55|1-55>
 MakeJK  time:  CPU       0.15 s  wall       0.15 s
 A restricted SCF calculation will be
 performed using DIIS
 SCF converges when DIIS error is below 1.0e-08
 ---------------------------------------
  Cycle       Energy         DIIS error
 ---------------------------------------
Finding J and K together
 Job number = 22, Threshold = 1.00E-11
Integral type ranges set in mkLRange.C for JobNum: 22  <1-55|1-55>
 MakeJK  time:  CPU       2.42 s  wall       2.48 s
    1      50.5436497008      2.67e-02  
Finding J and K together
 Job number = 22, Threshold = 1.00E-11
Integral type ranges set in mkLRange.C for JobNum: 22  <1-55|1-55>
 MakeJK  time:  CPU       2.37 s  wall       2.38 s
    2      50.0620140655      1.42e-03  
Finding J and K together
 Job number = 22, Threshold = 1.00E-11
Integral type ranges set in mkLRange.C for JobNum: 22  <1-55|1-55>
 MakeJK  time:  CPU       2.42 s  wall       2.43 s
    3      50.0592653114      2.85e-04  
Finding J and K together
 Job number = 22, Threshold = 1.00E-11
Integral type ranges set in mkLRange.C for JobNum: 22  <1-55|1-55>
 MakeJK  time:  CPU       2.44 s  wall       2.48 s
    4      50.0591572352      1.26e-05  
Finding J and K together
 Job number = 22, Threshold = 1.00E-11
Integral type ranges set in mkLRange.C for JobNum: 22  <1-55|1-55>
 MakeJK  time:  CPU       2.46 s  wall       2.46 s
    5      50.0591570206      7.43e-07  
Finding J and K together
 Job number = 22, Threshold = 1.00E-11
Integral type ranges set in mkLRange.C for JobNum: 22  <1-55|1-55>
 MakeJK  time:  CPU       2.60 s  wall       2.67 s
    6      50.0591570197      2.86e-08  
    7      50.0591570197      1.29e-09  Convergence criterion met
 ---------------------------------------
 SCF time:   CPU 14.93s  wall 15.00s 
 Total energy in the final basis set =       50.0591570197
Wall  1 = 15
Clock 1 = 14.9305000305
 ==================================================
                  Done GEN_SCFMAN                  
 ==================================================

Symmetry turned off temporarily

 --------------------------------------------------------------

                    Orbital Energies (a.u.)
 --------------------------------------------------------------

 Alpha MOs
 -- Occupied --
 -0.917
 -- Virtual --
  0.041   0.056   0.187   0.187   0.244   0.248   0.312   0.312
  0.341   0.626   0.626   0.707   0.707   0.714   0.714   0.715
  0.776   0.776   0.826   0.865   0.906   0.906   1.164   1.579
  1.579   1.839   1.839   1.845   1.845   1.845   1.946   1.946
  1.952   1.952   1.956   1.956   1.964   2.491   2.491   2.494
  2.494   2.520   2.553   2.553   2.586   3.483   3.930   3.932
  3.932   3.937   3.937   5.900   5.900   6.591   6.591   7.418
  7.437   7.437   7.439   7.844   7.844   7.942   7.942   7.950
  7.950   7.992   8.020   8.020   8.020   8.028   8.028   8.500
  8.500   9.566  12.541  12.541  15.351  15.395  15.395  15.752
 15.752  33.421  47.508
 --------------------------------------------------------------

          Ground-State Mulliken Net Atomic Charges

     Atom                 Charge (a.u.)
  ----------------------------------------
      1 H                     0.000000
      2 H                    -0.000000
  ----------------------------------------
  Sum of atomic charges =    -0.000000

 -----------------------------------------------------------------
                    Cartesian Multipole Moments
 -----------------------------------------------------------------
    Charge (ESU x 10^10)
                 0.0000
    Dipole Moment (Debye)
         X       0.0000      Y      -0.0000      Z      -0.0000
       Tot       0.0000
    Quadrupole Moments (Debye-Ang)
        XX      -1.0649     XY      -0.0000     YY      -1.0649
        XZ       0.0000     YZ       0.0000     ZZ      -1.0637
    Octopole Moments (Debye-Ang^2)
       XXX       0.0000    XXY      -0.0000    XYY       0.0000
       YYY      -0.0000    XXZ       0.0053    XYZ      -0.0000
       YYZ       0.0053    XZZ      -0.0000    YZZ       0.0000
       ZZZ       0.0160
    Hexadecapole Moments (Debye-Ang^3)
      XXXX      -0.5897   XXXY       0.0000   XXYY      -0.1966
      XYYY       0.0000   YYYY      -0.5897   XXXZ       0.0000
      XXYZ       0.0000   XYYZ       0.0000   YYYZ       0.0000
      XXZZ      -0.1962   XYZZ      -0.0000   YYZZ      -0.1962
      XZZZ       0.0000   YZZZ       0.0000   ZZZZ      -0.5860
 -----------------------------------------------------------------
drvman_main.C: 73: calling DrvMan  Calculating analytic gradient of the SCF energy
drvman.C : 218: Calculating analytic gradient of the SCF energy
drvman.C: 244: calling SCF_Grad for normal SCF gradient
 Job number = 111, Threshold = 1.00E-11
Integral type ranges set in mkLRange.C for JobNum: 11  <1-55|56-56>
Finding J and K together
 ML is being used
 Job number = 122, Threshold = 1.00E-11
Integral type ranges set in mkLRange.C for JobNum: 22  <1-55|1-55>
Total number of integrals generated =        20419835
 MakeJK  time:  CPU      13.94 s  wall      14.04 s
 Gradient of SCF Energy
            1           2
    1   0.0000000  -0.0000000
    2   0.0000000  -0.0000000
    32800.1617645-2800.1617645
 Max gradient component =       2.800E+03
 RMS gradient           =       1.617E+03
drvman.C: 248: out of SCF_Grad for normal SCF gradient
 Gradient time:  CPU 13.97 s  wall 14.07 s
 ------------------------------------------------------------------------------
                     drvman        : Timing summary (seconds)
 ------------------------------------------------------------------------------
     job step          cpu (% of tot)      sys (% of tot)     wall (% of tot)
 ------------------------------------------------------------------------------
 ------------------------------------------------------------------------------
   Grand Totals     0.1397E+02          0.8000E-05          0.1407E+02
 ------------------------------------------------------------------------------
drvman_main.C: 77: out of DrvMan  JobOver = TRUE
Archival summary:
1\1\qciep02\JobtypUnspecified\HF\BasisUnspecified\2\rmeyer\MonSep1717:32:552018MonSep1717:32:552018\0\\#,JobtypUnspecified,HF,BasisUnspecified,\\0,1\H\H,1,0.01\\HF=50.059157\\@

 Total job time:  29.44s(wall), 29.15s(cpu) 
 Mon Sep 17 17:32:55 2018

        *************************************************************
        *                                                           *
        *  Thank you very much for using Q-Chem.  Have a nice day.  *
        *                                                           *
        *************************************************************


*** MISSION COMPLETED -- STARFLEET OUT ***

0 sent ACK to 0 
now end server 0 ... 
